// Jest Snapshot v1, https://goo.gl/fbAQLP

exports[`renders ListItem using Snapshots 1`] = `
<View
  accessibilityComponentType={undefined}
  accessibilityLabel={undefined}
  accessibilityTraits={undefined}
  accessible={true}
  collapsable={undefined}
  hasTVPreferredFocus={undefined}
  hitSlop={undefined}
  isTVSelectable={true}
  nativeID={undefined}
  onLayout={undefined}
  onResponderGrant={[Function]}
  onResponderMove={[Function]}
  onResponderRelease={[Function]}
  onResponderTerminate={[Function]}
  onResponderTerminationRequest={[Function]}
  onStartShouldSetResponder={[Function]}
  style={
    Object {
      "opacity": 1,
    }
  }
  testID={undefined}
  tvParallaxProperties={undefined}
>
  <View
    style={
      Object {
        "alignItems": "center",
        "backgroundColor": "lightblue",
        "borderColor": "lightblue",
        "borderRadius": 4,
        "flexDirection": "row",
        "marginBottom": 10,
        "padding": 10,
      }
    }
  >
    <Image
      source={undefined}
      style={
        Object {
          "height": 30,
          "marginRight": 20,
          "width": 30,
        }
      }
    />
    <Text
      accessible={true}
      allowFontScaling={true}
      ellipsizeMode="tail"
      style={
        Object {
          "color": "white",
          "textAlign": "center",
        }
      }
    />
  </View>
</View>
`;
